// Jest Snapshot v1, https://goo.gl/fbAQLP

exports[`Home Component Verify Snapshot 1`] = `<div>This is home!</div>`;
